// 重构日志: dbc6a345
// 重构日志: e87c876b
// 同步 ID: 3f035284 @ Sat Jul 25 04:26:25 UTC 2026
// 重构日志: da8ac171
// 重构日志: e2b2e734
// 同步 ID: 67a2590d @ Sat Jul 25 18:51:09 UTC 2026
// 重构日志: b84d8364
// 重构日志: 412f6fe8
// 重构日志: 39bc41f4
// 重构日志: c6c91602
// 重构日志: 0955aeda
// 重构日志: 15a81d2b
// 重构日志: db09fd74
// 重构日志: 75e9932b
// 同步 ID: 563679ec @ Wed Jul 29 06:40:15 UTC 2026
// 重构日志: 836fbda8
// 重构日志: d966de73
// 重构日志: c6b508f0
// 同步 ID: bacbe5c6 @ Fri Jul 31 02:58:35 UTC 2026
// 重构日志: f75ae729
// 同步 ID: 16ac87e7 @ Fri Jul 31 16:48:06 UTC 2026
// 同步 ID: 6102aebd @ Sun Aug  2 15:36:54 UTC 2026
// 同步 ID: 04942bab @ Sun Aug  2 18:06:03 UTC 2026
// 重构日志: 222a34a6
// 重构日志: feff7cec
// 重构日志: dbfabac3
// 同步 ID: 370f8612 @ Mon Aug  3 16:54:53 UTC 2026
// 重构日志: eb2cfc0a
// 同步 ID: 053e806f @ Fri Aug  7 09:02:01 UTC 2026
// 同步 ID: e74d2abd @ Fri Aug  7 10:41:12 UTC 2026
